CREATE TABLE

INSERT 3

name
----
a
b
c
(3 rows)

QUERY PLAN
----------
Projection(name)
  └─ Sort(id ASC)
    └─ Projection(name, id)
      └─ SeqScan(t)
(4 rows)

QUERY PLAN
----------
Sort(id ASC)
  └─ Projection(id)
    └─ SeqScan(t)
(3 rows)

ERROR: 行1列38: 名前解決エラー: DISTINCTを伴うSELECTでは、ORDER BYはSELECTの対象式だけを参照できます